2026-07-22 13:59:06,258 [INFO] Chưa có data → fetch 90 ngày: 2026-04-23 → 2026-07-21
2026-07-22 13:59:07,228 [INFO] Failed to extract font properties from /usr/share/fonts/truetype/noto/NotoColorEmoji.ttf: Non-scalable fonts are not supported
2026-07-22 13:59:07,608 [INFO] generated new fontManager
2026-07-22 13:59:10,074 [INFO] Device registered: 54e2013a3767e629ef5a2af9440722cc (version 0.0.1)
2026-07-22 13:59:15,564 [INFO] VCB: ✓ 61 dòng
2026-07-22 13:59:19,067 [INFO] VIC: ✓ 61 dòng
2026-07-22 13:59:21,880 [INFO] VHM: ✓ 61 dòng
2026-07-22 13:59:25,037 [INFO] HPG: ✓ 61 dòng
2026-07-22 13:59:27,807 [INFO] TCB: ✓ 61 dòng
2026-07-22 13:59:30,452 [INFO] MBB: ✓ 61 dòng
2026-07-22 13:59:33,285 [INFO] VNM: ✓ 61 dòng
2026-07-22 13:59:35,885 [INFO] FPT: ✓ 61 dòng
2026-07-22 13:59:38,859 [INFO] MSN: ✓ 61 dòng
2026-07-22 13:59:41,744 [INFO] BID: ✓ 61 dòng
2026-07-22 13:59:41,745 [INFO] === Xong: 10/10 tickers | 610 dòng mới ===
2026-07-23 12:18:28,429 [INFO] Fetch từ 2026-07-22 → 2026-07-22
2026-07-23 12:18:29,457 [INFO] Failed to extract font properties from /usr/share/fonts/truetype/noto/NotoColorEmoji.ttf: Non-scalable fonts are not supported
2026-07-23 12:18:29,848 [INFO] generated new fontManager
2026-07-23 12:18:33,138 [INFO] Device registered: cdee9e98a5e3e3da6b5efc3ffd9e3c38 (version 0.0.1)
2026-07-23 12:18:39,238 [INFO] VCB: ✓ 1 dòng
2026-07-23 12:18:43,450 [INFO] VIC: ✓ 1 dòng
2026-07-23 12:18:46,514 [INFO] VHM: ✓ 1 dòng
2026-07-23 12:18:49,363 [INFO] HPG: ✓ 1 dòng
2026-07-23 12:18:52,209 [INFO] TCB: ✓ 1 dòng
2026-07-23 12:18:54,875 [INFO] MBB: ✓ 1 dòng
2026-07-23 12:18:57,485 [INFO] VNM: ✓ 1 dòng
2026-07-23 12:19:00,445 [INFO] FPT: ✓ 1 dòng
2026-07-23 12:19:03,756 [INFO] MSN: ✓ 1 dòng
2026-07-23 12:19:06,913 [INFO] BID: ✓ 1 dòng
2026-07-23 12:19:06,913 [INFO] === Xong: 10/10 tickers | 10 dòng mới ===
2026-07-24 12:12:18,418 [INFO] Fetch từ 2026-07-23 → 2026-07-23
2026-07-24 12:12:19,216 [INFO] Failed to extract font properties from /usr/share/fonts/truetype/noto/NotoColorEmoji.ttf: Non-scalable fonts are not supported
2026-07-24 12:12:19,826 [INFO] generated new fontManager
2026-07-24 12:12:23,557 [INFO] Device registered: 54e2013a3767e629ef5a2af9440722cc (version 0.0.1)
2026-07-24 12:12:31,064 [INFO] VCB: ✓ 1 dòng
2026-07-24 12:12:35,460 [INFO] VIC: ✓ 1 dòng
2026-07-24 12:12:39,430 [INFO] VHM: ✓ 1 dòng
2026-07-24 12:12:42,906 [INFO] HPG: ✓ 1 dòng
2026-07-24 12:12:46,399 [INFO] TCB: ✓ 1 dòng
2026-07-24 12:12:50,055 [INFO] MBB: ✓ 1 dòng
2026-07-24 12:12:54,215 [INFO] VNM: ✓ 1 dòng
2026-07-24 12:12:58,605 [INFO] FPT: ✓ 1 dòng
2026-07-24 12:13:02,881 [INFO] MSN: ✓ 1 dòng
2026-07-24 12:13:07,093 [INFO] BID: ✓ 1 dòng
2026-07-24 12:13:07,093 [INFO] === Xong: 10/10 tickers | 10 dòng mới ===
2026-07-27 13:32:18,092 [INFO] Fetch từ 2026-07-24 → 2026-07-26
2026-07-27 13:32:18,596 [INFO] Failed to extract font properties from /usr/share/fonts/truetype/noto/NotoColorEmoji.ttf: Non-scalable fonts are not supported
2026-07-27 13:32:18,626 [INFO] generated new fontManager
2026-07-27 13:32:21,110 [INFO] Device registered: 54e2013a3767e629ef5a2af9440722cc (version 0.0.1)
2026-07-27 13:32:26,798 [INFO] VCB: ✓ 1 dòng
2026-07-27 13:32:30,202 [INFO] VIC: ✓ 1 dòng
2026-07-27 13:32:33,743 [INFO] VHM: ✓ 1 dòng
2026-07-27 13:32:36,688 [INFO] HPG: ✓ 1 dòng
2026-07-27 13:32:39,747 [INFO] TCB: ✓ 1 dòng
2026-07-27 13:32:42,875 [INFO] MBB: ✓ 1 dòng
2026-07-27 13:32:45,733 [INFO] VNM: ✓ 1 dòng
2026-07-27 13:32:48,766 [INFO] FPT: ✓ 1 dòng
2026-07-27 13:32:51,463 [INFO] MSN: ✓ 1 dòng
2026-07-27 13:32:54,113 [INFO] BID: ✓ 1 dòng
2026-07-27 13:32:54,113 [INFO] === Xong: 10/10 tickers | 10 dòng mới ===
2026-07-28 12:30:12,844 [INFO] Fetch từ 2026-07-25 → 2026-07-27
2026-07-28 12:30:13,295 [INFO] Failed to extract font properties from /usr/share/fonts/truetype/noto/NotoColorEmoji.ttf: Non-scalable fonts are not supported
2026-07-28 12:30:13,352 [INFO] generated new fontManager
2026-07-28 12:30:15,993 [INFO] Device registered: 54e2013a3767e629ef5a2af9440722cc (version 0.0.1)
2026-07-28 12:30:21,026 [INFO] VCB: ✓ 1 dòng
2026-07-28 12:30:24,684 [INFO] VIC: ✓ 1 dòng
2026-07-28 12:30:27,398 [INFO] VHM: ✓ 1 dòng
2026-07-28 12:30:30,011 [INFO] HPG: ✓ 1 dòng
2026-07-28 12:30:33,291 [INFO] TCB: ✓ 1 dòng
2026-07-28 12:30:35,680 [INFO] MBB: ✓ 1 dòng
2026-07-28 12:30:38,428 [INFO] VNM: ✓ 1 dòng
2026-07-28 12:30:41,111 [INFO] FPT: ✓ 1 dòng
2026-07-28 12:30:43,632 [INFO] MSN: ✓ 1 dòng
2026-07-28 12:30:46,853 [INFO] BID: ✓ 1 dòng
2026-07-28 12:30:46,853 [INFO] === Xong: 10/10 tickers | 10 dòng mới ===
2026-07-29 12:55:07,272 [INFO] Fetch từ 2026-07-28 → 2026-07-28
2026-07-29 12:55:07,614 [INFO] Failed to extract font properties from /usr/share/fonts/truetype/noto/NotoColorEmoji.ttf: Non-scalable fonts are not supported
2026-07-29 12:55:07,729 [INFO] generated new fontManager
2026-07-29 12:55:10,577 [INFO] Device registered: 54e2013a3767e629ef5a2af9440722cc (version 0.0.1)
2026-07-29 12:55:18,188 [INFO] VCB: ✓ 1 dòng
2026-07-29 12:55:21,977 [INFO] VIC: ✓ 1 dòng
2026-07-29 12:55:26,395 [INFO] VHM: ✓ 1 dòng
2026-07-29 12:55:30,477 [INFO] HPG: ✓ 1 dòng
2026-07-29 12:55:34,111 [INFO] TCB: ✓ 1 dòng
2026-07-29 12:55:37,572 [INFO] MBB: ✓ 1 dòng
2026-07-29 12:55:42,332 [INFO] VNM: ✓ 1 dòng
2026-07-29 12:55:46,637 [INFO] FPT: ✓ 1 dòng
2026-07-29 12:55:50,326 [INFO] MSN: ✓ 1 dòng
2026-07-29 12:55:53,870 [INFO] BID: ✓ 1 dòng
2026-07-29 12:55:53,870 [INFO] === Xong: 10/10 tickers | 10 dòng mới ===
